<?xml version='1.0' encoding='UTF-8'?>
<ObjectNode>
  <batchcomplete></batchcomplete>
  <continue>
    <sroffset>10</sroffset>
    <continue>-||</continue>
  </continue>
  <query>
    <search>
      <snippet>&lt;span class="searchmatch">Raiffeisen&lt;/span> may refer to: &lt;span class="searchmatch">Raiffeisen&lt;/span> (Albania), a bank &lt;span class="searchmatch">Raiffeisen&lt;/span> (Switzerland), a bank Raiffeisenbank, cooperative banks in several European countries</snippet>
      <wordcount>63</wordcount>
      <size>297</size>
      <ns>0</ns>
      <title>Raiffeisen</title>
      <pageid>7353998</pageid>
      <timestamp>2021-12-06T04:29:32Z</timestamp>
    </search>
    <search>
      <snippet>&lt;span class="searchmatch">Raiffeisen&lt;/span> Switzerland is a cooperative of cooperatives – the union of all independent Swiss &lt;span class="searchmatch">Raiffeisen&lt;/span> banks. It bears responsibility for the business</snippet>
      <wordcount>1125</wordcount>
      <size>10866</size>
      <ns>0</ns>
      <title>Raiffeisen (Switzerland)</title>
      <pageid>40339838</pageid>
      <timestamp>2023-01-10T15:09:20Z</timestamp>
    </search>
    <search>
      <snippet>&lt;span class="searchmatch">Raiffeisen&lt;/span> Bank International (RBI) is an Austrian banking group and a central institution of the &lt;span class="searchmatch">Raiffeisen&lt;/span> Banking Group Austria (RBG). The bank is listed</snippet>
      <wordcount>1477</wordcount>
      <size>15916</size>
      <ns>0</ns>
      <title>Raiffeisen Bank International</title>
      <pageid>41150394</pageid>
      <timestamp>2023-04-10T01:40:10Z</timestamp>
    </search>
    <search>
      <snippet>phone-banking (&lt;span class="searchmatch">Raiffeisen&lt;/span> Direct) and mobile-banking (myBanking). &lt;span class="searchmatch">Raiffeisen&lt;/span> Bank Romania has resulted from the merger in June 2002 of the two &lt;span class="searchmatch">Raiffeisen&lt;/span> Group</snippet>
      <wordcount>264</wordcount>
      <size>2984</size>
      <ns>0</ns>
      <title>Raiffeisen Bank (Romania)</title>
      <pageid>313222</pageid>
      <timestamp>2023-01-10T14:55:11Z</timestamp>
    </search>
    <search>
      <snippet>Friedrich Wilhelm &lt;span class="searchmatch">Raiffeisen&lt;/span> (30 March 1818 – 11 March 1888) was a German mayor and cooperative pioneer. Several credit union systems and cooperative banks</snippet>
      <wordcount>788</wordcount>
      <size>7603</size>
      <ns>0</ns>
      <title>Friedrich Wilhelm Raiffeisen</title>
      <pageid>484582</pageid>
      <timestamp>2023-03-31T16:32:32Z</timestamp>
    </search>
    <search>
      <snippet>&lt;span class="searchmatch">Raiffeisen&lt;/span> Zentralbank Österreich A.G. was the central institution of the &lt;span class="searchmatch">Raiffeisen&lt;/span> Banking Group Austria (RBG). The central bank was merged with its</snippet>
      <wordcount>1979</wordcount>
      <size>20074</size>
      <ns>0</ns>
      <title>Raiffeisen Zentralbank</title>
      <pageid>5017429</pageid>
      <timestamp>2023-01-10T15:06:01Z</timestamp>
    </search>
    <search>
      <snippet>&lt;span class="searchmatch">Raiffeisen&lt;/span> Bankengruppe is the larger of two groups of cooperative banks in Austria (another one was Austrian Volksbanks). The roughly 490 local cooperatives</snippet>
      <wordcount>160</wordcount>
      <size>1962</size>
      <ns>0</ns>
      <title>Raiffeisen Bankengruppe</title>
      <pageid>23784230</pageid>
      <timestamp>2022-06-25T02:20:37Z</timestamp>
    </search>
    <search>
      <snippet>its acquisition by &lt;span class="searchmatch">Raiffeisen&lt;/span> Zentralbank (RZB) during 2004 it was rebranded as &lt;span class="searchmatch">Raiffeisen&lt;/span> Bank. Since the acquisition, &lt;span class="searchmatch">Raiffeisen&lt;/span> has implemented retail</snippet>
      <wordcount>95</wordcount>
      <size>1832</size>
      <ns>0</ns>
      <title>Raiffeisen (Albania)</title>
      <pageid>5602405</pageid>
      <timestamp>2023-01-10T15:07:07Z</timestamp>
    </search>
    <search>
      <snippet>Friedrich Wilhelm &lt;span class="searchmatch">Raiffeisen&lt;/span>. The name is found in: &lt;span class="searchmatch">Raiffeisen&lt;/span> Bankengruppe (Austria), Austrian group of cooperative banks. &lt;span class="searchmatch">Raiffeisen&lt;/span> Zentralbank Österreich</snippet>
      <wordcount>232</wordcount>
      <size>1941</size>
      <ns>0</ns>
      <title>Raiffeisenbank</title>
      <pageid>47650650</pageid>
      <timestamp>2023-04-07T16:14:18Z</timestamp>
    </search>
    <search>
      <snippet>local markets. The bank was rooted in the ideas of Friedrich Wilhelm &lt;span class="searchmatch">Raiffeisen&lt;/span>, the founder of the cooperative movement of credit unions, who in 1864</snippet>
      <wordcount>3280</wordcount>
      <size>28804</size>
      <ns>0</ns>
      <title>Rabobank</title>
      <pageid>465956</pageid>
      <timestamp>2023-03-19T21:06:59Z</timestamp>
    </search>
    <searchinfo>
      <totalhits>779</totalhits>
    </searchinfo>
  </query>
</ObjectNode>
